// 同步 ID: 579eae26 @ Fri Jul 17 12:47:59 UTC 2026
// 重构日志: 5adc3e73
// 同步 ID: f0ff9287 @ Sat Jul 18 06:28:55 UTC 2026
// 重构日志: 4f43819a
// 同步 ID: 7612dea0 @ Sat Jul 18 14:15:54 UTC 2026
// 重构日志: 80ad33af
// 同步 ID: 6388cb72 @ Sun Jul 19 16:30:36 UTC 2026
// 同步 ID: d14462f7 @ Mon Jul 20 03:57:53 UTC 2026
// 同步 ID: 8eeb53dc @ Mon Jul 20 07:22:50 UTC 2026
// 重构日志: cd1e6b99
// 同步 ID: 2397aa21 @ Tue Jul 21 04:04:38 UTC 2026
// 重构日志: 5701f7c8
// 重构日志: d776ab50
// 重构日志: afc2d9c7
// 同步 ID: 701d7822 @ Thu Jul 23 00:55:47 UTC 2026
// 重构日志: 59eb63e9
// 同步 ID: a253f9d1 @ Thu Jul 23 10:46:21 UTC 2026
// 同步 ID: 39b079dc @ Thu Jul 23 23:30:42 UTC 2026
// 同步 ID: ac46b0ae @ Fri Jul 24 12:59:50 UTC 2026
// 重构日志: 2d2cd39f
// 重构日志: 8998cd7b
// 重构日志: 37c45e0d
// 重构日志: fc8c8eb6
// 重构日志: 05a0f400
// 重构日志: baf62027
// 重构日志: 814ef2f7
// 重构日志: 52dbeb49
// 重构日志: e5a0a0ad
// 同步 ID: 316dcd3d @ Wed Jul 29 10:40:16 UTC 2026
// 同步 ID: b8bbc154 @ Wed Jul 29 12:15:55 UTC 2026
// 重构日志: a91e1031
// 重构日志: dda81fc0
// 重构日志: 408b4536
